# RTL_ID 22011200
#
# Events:
#    N - no event
#    E - exception
#    I - interrupt
#    W - wakeup
# =====================================================================================
# : Core Reset
# =====================================================================================
# Test: illegal.hex
#           Time   Ev  Curr_PC    Instr      Next_PC    Reg        Value     
# =====================================================================================
               3   N   00000000   00000000   00000f00   ---        --------
               6   N   00000f00   0000e101   00000f04   x10_a0     00000000
               7   N   00000f04   00004e01   00000f06   ---        --------
               8   N   00000f06   00000297   00000f08   x28_t3     00000000
               9   N   00000f08   bf828293   00000f0c   x05_t0     00000f08
              10   N   00000f0c   30529073   00000f10   x05_t0     00000b00
              11   N   00000f10   00004505   00000f14   ---        --------
              12   N   00000f14   0000057e   00000f16   x10_a0     00000001
              13   N   00000f16   00054863   00000f18   x10_a0     80000000
              14   N   00000f18   0ff0000f   00000f28   ---        --------
              17   N   00000f28   00028f63   00000f2c   x05_t0     00000000
              18   N   00000f2c   10529073   00000f4a   ---        --------
              22   N   00000f4a   00006509   00000f4e   ---        --------
              23   N   00000f4e   00006509   00000f4e   ---        --------
              24   N   00000f4e   80050513   00000f50   x10_a0     00002000
              25   N   00000f50   30052073   00000f54   x10_a0     00001800
              26   N   00000f54   00000297   00000f58   ---        --------
              27   N   00000f58   00000297   00000f58   ---        --------
              28   N   00000f58   0a828293   00000f5c   x05_t0     00000f58
              29   N   00000f5c   34129073   00000f60   x05_t0     00001000
              30   N   00000f60   f1402573   00000f64   ---        --------
              31   N   00000f64   30200073   00000f68   x10_a0     00000000
              33   N   00000f68   f00002b7   00001000   ---        --------
              36   N   00001000   00000000   00001004   x28_t3     00000002
              37   E   00001004   00000000   00000b00   mstatus    00001800
              37   E   00001004   00000000   00000b00   mepc       00001004
              37   E   00001004   00000000   00000b00   mcause     00000002
              37   E   00001004   00000000   00000b00   mtval      00000000
              40   N   00000b00   000047a1   00000b04   x14_a4     00000002
              41   N   00000b04   02f70963   00000b06   x15_a5     00000008
              42   N   00000b06   000047a5   00000b0a   ---        --------
              43   N   00000b0a   02f70663   00000b0c   x15_a5     00000009
              44   N   00000b0c   000047ad   00000b10   ---        --------
              45   N   00000b10   02f70363   00000b12   x15_a5     0000000b
              46   N   00000b12   00004789   00000b16   ---        --------
              47   N   00000b16   00f71463   00000b18   x15_a5     00000002
              48   N   00000b18   450000ef   00000b1c   ---        --------
              49   N   00000b1c   00000717   00000f6c   x01_ra     00000b20
              52   N   00000f6c   00000317   00000f70   x05_t0     f0000000
              53   N   00000f70   01c30313   00000f74   x06_t1     00000f70
              54   N   00000f74   00034383   00000f78   x06_t1     00000f8c
              56   N   00000f78   00038663   00000f7c   x07_t2     00000069
              57   N   00000f7c   00728023   00000f80   ---        --------
              59   N   00000f80   00000305   00000f84   ---        --------
              60   N   00000f84   0000bfcd   00000f86   x06_t1     00000f8d
              61   N   00000f86   00008082   00000f78   ---        --------
              65   N   00000f78   00038663   00000f7c   x07_t2     0000006e
              66   N   00000f7c   00728023   00000f80   ---        --------
              68   N   00000f80   00000305   00000f84   ---        --------
              69   N   00000f84   0000bfcd   00000f86   x06_t1     00000f8e
              70   N   00000f86   00008082   00000f78   ---        --------
              74   N   00000f78   00038663   00000f7c   x07_t2     00000063
              75   N   00000f7c   00728023   00000f80   ---        --------
              77   N   00000f80   00000305   00000f84   ---        --------
              78   N   00000f84   0000bfcd   00000f86   x06_t1     00000f8f
              79   N   00000f86   00008082   00000f78   ---        --------
              83   N   00000f78   00038663   00000f7c   x07_t2     0000006f
              84   N   00000f7c   00728023   00000f80   ---        --------
              86   N   00000f80   00000305   00000f84   ---        --------
              87   N   00000f84   0000bfcd   00000f86   x06_t1     00000f90
              88   N   00000f86   00008082   00000f78   ---        --------
              92   N   00000f78   00038663   00000f7c   x07_t2     00000072
              93   N   00000f7c   00728023   00000f80   ---        --------
              95   N   00000f80   00000305   00000f84   ---        --------
              96   N   00000f84   0000bfcd   00000f86   x06_t1     00000f91
              97   N   00000f86   00008082   00000f78   ---        --------
             101   N   00000f78   00038663   00000f7c   x07_t2     00000072
             102   N   00000f7c   00728023   00000f80   ---        --------
             104   N   00000f80   00000305   00000f84   ---        --------
             105   N   00000f84   0000bfcd   00000f86   x06_t1     00000f92
             106   N   00000f86   00008082   00000f78   ---        --------
             110   N   00000f78   00038663   00000f7c   x07_t2     00000065
             111   N   00000f7c   00728023   00000f80   ---        --------
             113   N   00000f80   00000305   00000f84   ---        --------
             114   N   00000f84   0000bfcd   00000f86   x06_t1     00000f93
             115   N   00000f86   00008082   00000f78   ---        --------
             119   N   00000f78   00038663   00000f7c   x07_t2     00000063
             120   N   00000f7c   00728023   00000f80   ---        --------
             122   N   00000f80   00000305   00000f84   ---        --------
             123   N   00000f84   0000bfcd   00000f86   x06_t1     00000f94
             124   N   00000f86   00008082   00000f78   ---        --------
             128   N   00000f78   00038663   00000f7c   x07_t2     00000074
             129   N   00000f7c   00728023   00000f80   ---        --------
             131   N   00000f80   00000305   00000f84   ---        --------
             132   N   00000f84   0000bfcd   00000f86   x06_t1     00000f95
             133   N   00000f86   00008082   00000f78   ---        --------
             137   N   00000f78   00038663   00000f7c   x07_t2     00000069
             138   N   00000f7c   00728023   00000f80   ---        --------
             140   N   00000f80   00000305   00000f84   ---        --------
             141   N   00000f84   0000bfcd   00000f86   x06_t1     00000f96
             142   N   00000f86   00008082   00000f78   ---        --------
             146   N   00000f78   00038663   00000f7c   x07_t2     0000006e
             147   N   00000f7c   00728023   00000f80   ---        --------
             149   N   00000f80   00000305   00000f84   ---        --------
             150   N   00000f84   0000bfcd   00000f86   x06_t1     00000f97
             151   N   00000f86   00008082   00000f78   ---        --------
             155   N   00000f78   00038663   00000f7c   x07_t2     00000073
             156   N   00000f7c   00728023   00000f80   ---        --------
             158   N   00000f80   00000305   00000f84   ---        --------
             159   N   00000f84   0000bfcd   00000f86   x06_t1     00000f98
             160   N   00000f86   00008082   00000f78   ---        --------
             164   N   00000f78   00038663   00000f7c   x07_t2     00000074
             165   N   00000f7c   00728023   00000f80   ---        --------
             167   N   00000f80   00000305   00000f84   ---        --------
             168   N   00000f84   0000bfcd   00000f86   x06_t1     00000f99
             169   N   00000f86   00008082   00000f78   ---        --------
             173   N   00000f78   00038663   00000f7c   x07_t2     00000072
             174   N   00000f7c   00728023   00000f80   ---        --------
             176   N   00000f80   00000305   00000f84   ---        --------
             177   N   00000f84   0000bfcd   00000f86   x06_t1     00000f9a
             178   N   00000f86   00008082   00000f78   ---        --------
             182   N   00000f78   00038663   00000f7c   x07_t2     00000075
             183   N   00000f7c   00728023   00000f80   ---        --------
             185   N   00000f80   00000305   00000f84   ---        --------
             186   N   00000f84   0000bfcd   00000f86   x06_t1     00000f9b
             187   N   00000f86   00008082   00000f78   ---        --------
             191   N   00000f78   00038663   00000f7c   x07_t2     00000063
             192   N   00000f7c   00728023   00000f80   ---        --------
             194   N   00000f80   00000305   00000f84   ---        --------
             195   N   00000f84   0000bfcd   00000f86   x06_t1     00000f9c
             196   N   00000f86   00008082   00000f78   ---        --------
             200   N   00000f78   00038663   00000f7c   x07_t2     00000074
             201   N   00000f7c   00728023   00000f80   ---        --------
             203   N   00000f80   00000305   00000f84   ---        --------
             204   N   00000f84   0000bfcd   00000f86   x06_t1     00000f9d
             205   N   00000f86   00008082   00000f78   ---        --------
             209   N   00000f78   00038663   00000f7c   x07_t2     00000069
             210   N   00000f7c   00728023   00000f80   ---        --------
             212   N   00000f80   00000305   00000f84   ---        --------
             213   N   00000f84   0000bfcd   00000f86   x06_t1     00000f9e
             214   N   00000f86   00008082   00000f78   ---        --------
             218   N   00000f78   00038663   00000f7c   x07_t2     0000006f
             219   N   00000f7c   00728023   00000f80   ---        --------
             221   N   00000f80   00000305   00000f84   ---        --------
             222   N   00000f84   0000bfcd   00000f86   x06_t1     00000f9f
             223   N   00000f86   00008082   00000f78   ---        --------
             227   N   00000f78   00038663   00000f7c   x07_t2     0000006e
             228   N   00000f7c   00728023   00000f80   ---        --------
             230   N   00000f80   00000305   00000f84   ---        --------
             231   N   00000f84   0000bfcd   00000f86   x06_t1     00000fa0
             232   N   00000f86   00008082   00000f78   ---        --------
             236   N   00000f78   00038663   00000f7c   x07_t2     00000000
             237   N   00000f7c   00728023   00000f88   ---        --------
             240   N   00000f88   00000001   00000b20   ---        --------
             243   N   00000b20   6e070713   00000b24   x14_a4     00000b20
             244   N   00000b24   0000c311   00000b28   x14_a4     00001200
             245   N   00000b28   00008702   00000b2a   ---        --------
             246   N   00000b2a   34202773   00001200   ---        --------
             249   N   00001200   e55ff06f   00001240   ---        --------
             252   N   00001240   342022f3   00001244   x06_t1     00000002
             253   N   00001244   ea629ae3   00001248   x05_t0     00000002
             254   N   00001248   341022f3   0000124c   ---        --------
             255   N   0000124c   343023f3   00001250   x05_t0     00001004
             256   N   00001250   00038e63   00001254   x07_t2     00000000
             257   N   00001254   0002d303   00001270   ---        --------
             260   N   00001270   d9430313   00001274   x06_t1     00001270
             261   N   00001274   04628e63   00001278   x06_t1     00001004
             262   N   00001278   00000317   000012d4   ---        --------
             265   N   000012d4   34129073   000012d8   x05_t0     0000100c
             266   N   000012d8   30200073   000012dc   ---        --------
             268   N   000012dc   00200337   0000100c   ---        --------
             271   N   0000100c   80028293   00001010   x05_t0     00002000
             272   N   00001010   3002b073   00001014   x05_t0     00001800
             273   N   00001014   00001337   00001018   ---        --------
             274   N   00001018   00001337   00001018   ---        --------
             275   N   00001018   80030313   0000101c   x06_t1     00001000
             276   N   0000101c   30032073   00001020   x06_t1     00000800
             277   N   00001020   300023f3   00001024   ---        --------
             278   N   00001024   300023f3   00001024   ---        --------
             279   N   00001024   0053f3b3   00001028   x07_t2     00001880
             280   N   00001028   0e731063   0000102c   x07_t2     00001800
             281   N   0000102c   34415073   0000110c   ---        --------
             284   N   0000110c   000e0593   00001110   ---        --------
             285   N   00001110   00000513   00001114   x11_a1     00000002
             286   N   00001114   00000073   00001118   x10_a0     00000000
             287   E   00001118   00000013   00000b00   mstatus    00001800
             287   E   00001118   00000013   00000b00   mepc       00001118
             287   E   00001118   00000013   00000b00   mcause     0000000b
             287   E   00001118   00000013   00000b00   mtval      00000000
             290   N   00000b00   000047a1   00000b04   x14_a4     0000000b
             291   N   00000b04   02f70963   00000b06   x15_a5     00000008
             292   N   00000b06   000047a5   00000b0a   ---        --------
             293   N   00000b0a   02f70663   00000b0c   x15_a5     00000009
             294   N   00000b0c   000047ad   00000b10   ---        --------
             295   N   00000b10   02f70363   00000b12   x15_a5     0000000b
             296   N   00000b12   00004789   00000b38   ---        --------
             299   N   00000b38   00000013   00001400   ---        --------
             302   N   00001400   cf428293   00001404   x05_t0     00000400
             303   N   00001404   00008282   00001408   x05_t0     000000f4
             304   N   00001408   00000013   000000f4   ---        --------
             307   N   000000f4   0000006f   000000f8   ---        --------
             308   N   000000f8   ffffffff   000000f8   ---        --------
